Building for debugging...
[0/6] Write swift-version--58304C5D6DBC2206.txt
[1/6] Write sources
[4/7] Emitting module TinyCloudMusic
[5/8] Compiling TinyCloudMusic AppModel.swift
[6/9] Compiling TinyCloudMusic AudioContentViews.swift
[7/10] Compiling TinyCloudMusic MusicSheetWorker.swift
[8/11] Compiling TinyCloudMusic PlayerController.swift
[9/12] Compiling TinyCloudMusic TinyCloudMusicApp.swift
[10/13] Compiling TinyCloudMusic TrackCache.swift
[11/14] Compiling TinyCloudMusic VideoViews.swift
[12/15] Compiling TinyCloudMusic MusicKnowledgeViews.swift
[13/16] Compiling TinyCloudMusic CloudMusicView.swift
[14/17] Compiling TinyCloudMusic Views.swift
[15/18] Compiling TinyCloudMusic NowPlayingDetailView.swift
[16/19] Compiling TinyCloudMusic LibraryFeatureViews.swift
[17/20] Compiling TinyCloudMusic SongPlaylistViews.swift
[18/21] Compiling TinyCloudMusic RecommendationHistoryView.swift
[19/22] Compiling TinyCloudMusic AudioUploadViews.swift
[20/23] Compiling TinyCloudMusic DetailExtrasViews.swift
[21/24] Compiling TinyCloudMusic ListeningFootprintsView.swift
[22/25] Compiling TinyCloudMusic ListenTogetherView.swift
[23/26] Compiling TinyCloudMusic PersonalFMView.swift
[24/27] Compiling TinyCloudMusic ListenTogetherController.swift
[24/29] Write Objects.LinkFileList
[25/29] Linking TinyCloudMusic
[27/30] Emitting module TinyCloudMusicTests
[28/31] Compiling TinyCloudMusicTests AppShellPerformanceTests.swift
[29/32] Compiling TinyCloudMusicTests AudioContentTests.swift
[30/33] Compiling TinyCloudMusicTests AudioRangeFeasibilityTests.swift
[31/34] Compiling TinyCloudMusicTests AudioRangeIntegrationTests.swift
[32/35] Compiling TinyCloudMusicTests AudioRangeResourceLoaderTests.swift
[33/36] Compiling TinyCloudMusicTests AudioUploadIntegrityTests.swift
[34/37] Compiling TinyCloudMusicTests AudioUploadTests.swift
[35/38] Compiling TinyCloudMusicTests AuditRemediationTests.swift
[36/39] Compiling TinyCloudMusicTests CloudMusicTests.swift
[37/40] Compiling TinyCloudMusicTests CoreTests.swift
[38/41] Compiling TinyCloudMusicTests CredentialStoreTests.swift
[39/42] Compiling TinyCloudMusicTests DownloadTransferPerformanceTests.swift
[40/43] Compiling TinyCloudMusicTests HomeRepositoryTests.swift
[41/44] Compiling TinyCloudMusicTests KnowledgeListeningPerformanceTests.swift
macro expansion #expect:2:3: error: call can throw, but it is not marked with 'try' and the error is not handled
`- /Users/acceleratorpan/Downloads/Proj/TCM/Tests/TinyCloudMusicTests/KnowledgeListeningPerformanceTests.swift:158:45: note: expanded code originates here
 156 |         async let second = secondWorker.savePDF(at: source, song: song, sheet: sheet, to: root)
 157 |         let results = try await [first, second]
 158 |         #expect(results.allSatisfy(\.saved))
     |         |- note: in expansion of macro 'expect' here
     |         `- note: in expansion of macro 'expect' here
     +--- macro expansion #expect --------------------------------------
     |1 | Testing.__checkFunctionCall(results.self,calling: {
     |2 |   $0.allSatisfy($1)
     |  |   |             `- note: call is to 'rethrows' function, but argument function can throw
     |  |   `- error: call can throw, but it is not marked with 'try' and the error is not handled
     |3 | },\.saved,expression: .__fromFunctionCall(.__fromSyntaxNode("results"),"allSatisfy",(nil,.__fromSyntaxNode(#"\.saved"#))),comments: [],isRequired: false,sourceLocation: Testing.SourceLocation.__here()).__expected()
     +------------------------------------------------------------------
 159 |         #expect(Set(results.map(\.url)).count == 2)
 160 |         #expect(try Data(contentsOf: destination) == sentinel)
error: fatalError
